// Jest Snapshot v1, https://goo.gl/fbAQLP

exports[`renders table controls correctly 1`] = `
.c0 {
  display: -webkit-box;
  display: -webkit-flex;
  display: -ms-flexbox;
  display: flex;
  -webkit-box-pack: end;
  -webkit-justify-content: flex-end;
  -ms-flex-pack: end;
  justify-content: flex-end;
  -webkit-align-items: center;
  -webkit-box-align: center;
  -ms-flex-align: center;
  align-items: center;
  position: relative;
  width: 400px;
  min-width: 400px;
}

.c1 {
  margin: 0 10px;
  font-family: Proxima Nova;
  font-size: 14px;
  color: #323335;
  font-weight: 100;
}

.c1:last-of-type {
  margin-left: 25px;
}

.c2 {
  -webkit-appearance: none;
  -moz-appearance: none;
  appearance: none;
  outline: none;
  width: 100%;
  max-width: 130px;
  max-height: 27px;
  height: 28px;
  padding: 0 calc(7px / 2) 0 calc(7px * 1.4);
  background: none;
  border: 1px solid #777777;
  border-radius: 3px;
  font-family: Proxima Nova;
  font-weight: 100;
  color: #222222;
  font-size: 12px;
  line-height: 27px;
}

.c2::-webkit-input-placeholder {
  font-style: italic;
}

.c2::-moz-placeholder {
  font-style: italic;
}

.c2:-ms-input-placeholder {
  font-style: italic;
}

.c2::placeholder {
  font-style: italic;
}

.c2:focus {
  border: 1px solid #006cff;
}

.c5:focus {
  outline: 0;
}

.c5 > svg {
  width: 12px;
  height: 100%;
  -webkit-fill: #777777;
  fill: #777777;
  -webkit-transform: rotate(90deg);
  -ms-transform: rotate(90deg);
  transform: rotate(90deg);
  cursor: pointer;
}

.c6:focus {
  outline: 0;
}

.c6 > svg {
  width: 12px;
  height: 100%;
  -webkit-fill: #444;
  fill: #444;
  -webkit-transform: rotate(270deg);
  -ms-transform: rotate(270deg);
  transform: rotate(270deg);
  cursor: pointer;
}

.c6 > svg:hover {
  -webkit-fill: #006cff;
  fill: #006cff;
}

.c4 {
  -webkit-appearance: none;
  -moz-appearance: none;
  appearance: none;
  background: none;
  border: none;
  outline: none;
  padding: 0;
}

.c4:focus > span > svg {
  -webkit-fill: #006cff;
  fill: #006cff;
}

.c3 {
  display: -webkit-box;
  display: -webkit-flex;
  display: -ms-flexbox;
  display: flex;
  -webkit-align-items: center;
  -webkit-box-align: center;
  -ms-flex-align: center;
  align-items: center;
}

<TableControls
  filterSearch={[Function]}
  moveTable={[Function]}
  scrollerInactive="left"
  updateData={[Function]}
>
  <styled.div>
    <div
      className="c0"
    >
      <styled.span>
        <span
          className="c1"
        >
          Filter categories:
        </span>
      </styled.span>
      <Input
        action={[Function]}
        autoComplete="off"
        color="light"
        controlled={false}
        id=""
        name="search"
        placeholder="Type to filter..."
        tab={1}
        type="search"
      >
        <styled.input
          autoComplete="off"
          color="light"
          id=""
          name="search"
          onChange={[Function]}
          placeholder="Type to filter..."
          tabIndex={1}
          type="search"
        >
          <input
            autoComplete="off"
            className="c2"
            color="light"
            id=""
            name="search"
            onChange={[Function]}
            placeholder="Type to filter..."
            tabIndex={1}
            type="search"
          />
        </styled.input>
      </Input>
      <styled.span>
        <span
          className="c1"
        >
          See More:
        </span>
      </styled.span>
      <ArrowButtonGroup
        action={[Function]}
        scrollerInactive="left"
      >
        <styled.div>
          <div
            className="c3"
          >
            <ArrowButton
              action={[Function]}
              direction="left"
              scrollerInactive="left"
            >
              <styled.button
                direction="left"
                onClick={[Function]}
                tabIndex={1}
                title="Move Table to the left"
              >
                <button
                  className="c4"
                  direction="left"
                  onClick={[Function]}
                  tabIndex={1}
                  title="Move Table to the left"
                >
                  <Icon
                    active={false}
                    color="#444"
                    i="test-file-stub"
                    in="blue"
                    rotate={90}
                    size="s"
                  >
                    <Styled(SVGInline)
                      color="#444"
                      data-active={false}
                      in="blue"
                      rotate={90}
                      size="s"
                      svg="test-file-stub"
                    >
                      <SVGInline
                        className="c5"
                        classSuffix="-svg"
                        cleanup={Array []}
                        cleanupExceptions={Array []}
                        color="#444"
                        component="span"
                        data-active={false}
                        in="blue"
                        rotate={90}
                        size="s"
                        svg="test-file-stub"
                      >
                        <span
                          className="SVGInline c5"
                          color="#444"
                          dangerouslySetInnerHTML={
                            Object {
                              "__html": "test-file-stub",
                            }
                          }
                          data-active={false}
                          in="blue"
                          rotate={90}
                          size="s"
                        />
                      </SVGInline>
                    </Styled(SVGInline)>
                  </Icon>
                </button>
              </styled.button>
            </ArrowButton>
            <ArrowButton
              action={[Function]}
              direction="right"
              scrollerInactive="left"
            >
              <styled.button
                direction="right"
                onClick={[Function]}
                tabIndex={1}
                title="Move Table to the right"
              >
                <button
                  className="c4"
                  direction="right"
                  onClick={[Function]}
                  tabIndex={1}
                  title="Move Table to the right"
                >
                  <Icon
                    active={true}
                    color="#444"
                    i="test-file-stub"
                    in="blue"
                    rotate={270}
                    size="s"
                  >
                    <Styled(SVGInline)
                      color="#444"
                      data-active={true}
                      in="blue"
                      rotate={270}
                      size="s"
                      svg="test-file-stub"
                    >
                      <SVGInline
                        className="c6"
                        classSuffix="-svg"
                        cleanup={Array []}
                        cleanupExceptions={Array []}
                        color="#444"
                        component="span"
                        data-active={true}
                        in="blue"
                        rotate={270}
                        size="s"
                        svg="test-file-stub"
                      >
                        <span
                          className="SVGInline c6"
                          color="#444"
                          dangerouslySetInnerHTML={
                            Object {
                              "__html": "test-file-stub",
                            }
                          }
                          data-active={true}
                          in="blue"
                          rotate={270}
                          size="s"
                        />
                      </SVGInline>
                    </Styled(SVGInline)>
                  </Icon>
                </button>
              </styled.button>
            </ArrowButton>
          </div>
        </styled.div>
      </ArrowButtonGroup>
    </div>
  </styled.div>
</TableControls>
`;
