// Jest Snapshot v1, https://goo.gl/fbAQLP

exports[`renders HeaderContainer correctly 1`] = `
.c0 {
  display: -webkit-box;
  display: -webkit-flex;
  display: -ms-flexbox;
  display: flex;
  -webkit-flex-direction: column;
  -ms-flex-direction: column;
  flex-direction: column;
  -webkit-align-items: center;
  -webkit-box-align: center;
  -ms-flex-align: center;
  align-items: center;
  -webkit-box-pack: center;
  -webkit-justify-content: center;
  -ms-flex-pack: center;
  justify-content: center;
  margin: 0 auto;
  width: 90%;
  background-image: url(test-file-stub);
  background-repeat: no-repeat;
  background-position: center;
}

.c1 {
  display: -webkit-box;
  display: -webkit-flex;
  display: -ms-flexbox;
  display: flex;
  -webkit-align-items: center;
  -webkit-box-align: center;
  -ms-flex-align: center;
  align-items: center;
  -webkit-box-pack: justify;
  -webkit-justify-content: space-between;
  -ms-flex-pack: justify;
  justify-content: space-between;
  position: fixed;
  z-index: 1000;
  top: 0;
  margin-top: 0;
  width: 90%;
  height: 80px;
  background-color: white;
}

.c2 {
  display: -webkit-box;
  display: -webkit-flex;
  display: -ms-flexbox;
  display: flex;
  -webkit-align-items: center;
  -webkit-box-align: center;
  -ms-flex-align: center;
  align-items: center;
  margin-left: 100px;
  -webkit-transition: all 0.35s ease-in;
  transition: all 0.35s ease-in;
}

.c2::before {
  content: 'by';
  position: absolute;
  top: 32px;
  left: 74px;
  opacity: 1;
  font-family: Proxima Nova;
  font-size: 14px;
  color: #777777;
  font-weight: 100;
}

.c2::after {
  content: 'Adele';
  position: absolute;
  top: 27px;
  left: 10px;
  opacity: 1;
  font-family: Proxima Nova;
  font-size: 21px;
  color: #222222;
  font-weight: bold;
  text-rendering: optimizeLegibility;
  -webkit-font-smoothing: antialiased;
  -moz-osx-font-smoothing: grayscale;
}

.c2 figcaption {
  opacity: 0;
  margin-left: 10px;
  font-family: Proxima Nova;
  font-size: 14px;
  color: #777777;
  font-weight: 100;
}

.c2 figcaption a {
  text-decoration: none;
  border-bottom: 1px solid transparent;
  -webkit-transition: all 0.5s ease-in;
  transition: all 0.5s ease-in;
}

.c2 figcaption a:active,
.c2 figcaption a:visited,
.c2 figcaption a:link,
.c2 figcaption a:focus {
  color: #777777;
}

.c2 figcaption a:hover {
  border-bottom: 1px solid #777777;
}

.c3 {
  display: -webkit-box;
  display: -webkit-flex;
  display: -ms-flexbox;
  display: flex;
  -webkit-align-items: center;
  -webkit-box-align: center;
  -ms-flex-align: center;
  align-items: center;
  margin-right: 6px;
}

.c3 [title~='facebook'] span {
  padding: 0 0 1px 2px;
}

.c3 [title~='twitter'] span {
  padding: 0 0 0 2px;
}

.c3 [title~='linkedin'] span {
  padding: 0 0 0 2px;
}

.c4 {
  display: inline-block;
  margin-left: 6px;
}

.c5 {
  display: -webkit-box;
  display: -webkit-flex;
  display: -ms-flexbox;
  display: flex;
  -webkit-align-items: center;
  -webkit-box-align: center;
  -ms-flex-align: center;
  align-items: center;
  -webkit-box-pack: center;
  -webkit-justify-content: center;
  -ms-flex-pack: center;
  justify-content: center;
  width: 30px;
  height: 30px;
  background: none;
  border: 1px solid #006cff;
  border-radius: 100%;
  -webkit-transition: background-color 0.3s ease-in;
  transition: background-color 0.3s ease-in;
  cursor: pointer;
  outline: none;
}

.c5 span {
  position: relative;
  display: block;
  width: 14px;
  height: 14px;
}

.c5 svg {
  display: block;
  -webkit-transition: fill 0.3s ease-in;
  transition: fill 0.3s ease-in;
  width: 10px;
  height: 14px;
}

.c5:hover,
.c5:focus {
  background-color: #006cff;
}

.c5:hover svg,
.c5:focus svg {
  -webkit-fill: white;
  fill: white;
}

.c6:focus {
  outline: 0;
}

.c6 > svg {
  width: 12px;
  height: 100%;
  -webkit-fill: #006cff;
  fill: #006cff;
  cursor: pointer;
}

.c6 > svg:hover {
  -webkit-fill: #006cff;
  fill: #006cff;
}

.c7 {
  font-family: Proxima Nova;
  margin: 170px auto 90px auto;
}

.c7 h1 {
  display: none;
  position: relative;
  margin: 0;
  font-size: 230px;
  text-align: center;
  -webkit-letter-spacing: -10px;
  -moz-letter-spacing: -10px;
  -ms-letter-spacing: -10px;
  letter-spacing: -10px;
  text-shadow: 2px 3px 3px rgba(0,0,55,0.15);
}

.c7 span {
  display: none;
  width: 500px;
  margin: -24px auto 0 auto;
  font-size: 26px;
  font-weight: 100;
  line-height: 1.3;
  color: #006cff;
  text-align: center;
  text-shadow: none;
}

<HeaderContainer
  scroll={true}
>
  <styled.header>
    <header
      className="c0"
    >
      <TopBar
        scroll={true}
      >
        <styled.div
          scroll={true}
        >
          <div
            className="c1"
          >
            <styled.figure
              scroll={true}
            >
              <figure
                className="c2"
              >
                <Logo
                  tabIndex={1}
                >
                  <a
                    href="http://uxpin.com"
                    rel="noopener noreferrer"
                    target="_blank"
                    title="UXPin logo"
                  >
                    <SVGInline
                      classSuffix="-svg"
                      cleanup={Array []}
                      cleanupExceptions={Array []}
                      component="span"
                      svg="test-file-stub"
                    >
                      <span
                        className="SVGInline"
                        dangerouslySetInnerHTML={
                          Object {
                            "__html": "test-file-stub",
                          }
                        }
                      />
                    </SVGInline>
                  </a>
                </Logo>
                <figcaption>
                  <a
                    href="http://uxpin.com"
                    rel="noopener noreferrer"
                    tabIndex={1}
                    target="_blank"
                    title="UXPin - The Design Systems Platform"
                  >
                    The Design Systems Platform
                  </a>
                </figcaption>
              </figure>
            </styled.figure>
            <Social
              networks={
                Array [
                  "twitter",
                  "facebook",
                  "linkedin",
                ]
              }
              tab={1}
              url="https://www.uxpin.com/adele"
            >
              <styled.ul>
                <ul
                  className="c3"
                >
                  <styled.li
                    key="twitter"
                    title="twitter social share"
                  >
                    <li
                      className="c4"
                      title="twitter social share"
                    >
                      <styled.button
                        onClick={[Function]}
                        tabIndex={1}
                      >
                        <button
                          className="c5"
                          onClick={[Function]}
                          tabIndex={1}
                        >
                          <Icon
                            active={true}
                            color="#006cff"
                            i="test-file-stub"
                            in="blue"
                            rotate={0}
                            size="s"
                          >
                            <Styled(SVGInline)
                              color="#006cff"
                              data-active={true}
                              in="blue"
                              rotate={0}
                              size="s"
                              svg="test-file-stub"
                            >
                              <SVGInline
                                className="c6"
                                classSuffix="-svg"
                                cleanup={Array []}
                                cleanupExceptions={Array []}
                                color="#006cff"
                                component="span"
                                data-active={true}
                                in="blue"
                                rotate={0}
                                size="s"
                                svg="test-file-stub"
                              >
                                <span
                                  className="SVGInline c6"
                                  color="#006cff"
                                  dangerouslySetInnerHTML={
                                    Object {
                                      "__html": "test-file-stub",
                                    }
                                  }
                                  data-active={true}
                                  in="blue"
                                  rotate={0}
                                  size="s"
                                />
                              </SVGInline>
                            </Styled(SVGInline)>
                          </Icon>
                        </button>
                      </styled.button>
                    </li>
                  </styled.li>
                  <styled.li
                    key="facebook"
                    title="facebook social share"
                  >
                    <li
                      className="c4"
                      title="facebook social share"
                    >
                      <styled.button
                        onClick={[Function]}
                        tabIndex={1}
                      >
                        <button
                          className="c5"
                          onClick={[Function]}
                          tabIndex={1}
                        >
                          <Icon
                            active={true}
                            color="#006cff"
                            i="test-file-stub"
                            in="blue"
                            rotate={0}
                            size="s"
                          >
                            <Styled(SVGInline)
                              color="#006cff"
                              data-active={true}
                              in="blue"
                              rotate={0}
                              size="s"
                              svg="test-file-stub"
                            >
                              <SVGInline
                                className="c6"
                                classSuffix="-svg"
                                cleanup={Array []}
                                cleanupExceptions={Array []}
                                color="#006cff"
                                component="span"
                                data-active={true}
                                in="blue"
                                rotate={0}
                                size="s"
                                svg="test-file-stub"
                              >
                                <span
                                  className="SVGInline c6"
                                  color="#006cff"
                                  dangerouslySetInnerHTML={
                                    Object {
                                      "__html": "test-file-stub",
                                    }
                                  }
                                  data-active={true}
                                  in="blue"
                                  rotate={0}
                                  size="s"
                                />
                              </SVGInline>
                            </Styled(SVGInline)>
                          </Icon>
                        </button>
                      </styled.button>
                    </li>
                  </styled.li>
                  <styled.li
                    key="linkedin"
                    title="linkedin social share"
                  >
                    <li
                      className="c4"
                      title="linkedin social share"
                    >
                      <styled.button
                        onClick={[Function]}
                        tabIndex={1}
                      >
                        <button
                          className="c5"
                          onClick={[Function]}
                          tabIndex={1}
                        >
                          <Icon
                            active={true}
                            color="#006cff"
                            i="test-file-stub"
                            in="blue"
                            rotate={0}
                            size="s"
                          >
                            <Styled(SVGInline)
                              color="#006cff"
                              data-active={true}
                              in="blue"
                              rotate={0}
                              size="s"
                              svg="test-file-stub"
                            >
                              <SVGInline
                                className="c6"
                                classSuffix="-svg"
                                cleanup={Array []}
                                cleanupExceptions={Array []}
                                color="#006cff"
                                component="span"
                                data-active={true}
                                in="blue"
                                rotate={0}
                                size="s"
                                svg="test-file-stub"
                              >
                                <span
                                  className="SVGInline c6"
                                  color="#006cff"
                                  dangerouslySetInnerHTML={
                                    Object {
                                      "__html": "test-file-stub",
                                    }
                                  }
                                  data-active={true}
                                  in="blue"
                                  rotate={0}
                                  size="s"
                                />
                              </SVGInline>
                            </Styled(SVGInline)>
                          </Icon>
                        </button>
                      </styled.button>
                    </li>
                  </styled.li>
                </ul>
              </styled.ul>
            </Social>
          </div>
        </styled.div>
      </TopBar>
      <Heading
        scroll={true}
      >
        <styled.div
          scroll={true}
        >
          <div
            className="c7"
          >
            <h1>
              Adele
            </h1>
            <span>
              The repository of publically available design systems and pattern libraries
            </span>
          </div>
        </styled.div>
      </Heading>
    </header>
  </styled.header>
</HeaderContainer>
`;
